src/app/components/lawyer/ArchivePortal.tsx(306,17): error TS2345: Argument of type 'LooseArchiveFile[]' is not assignable to parameter of type 'LawsuitJurisdictionSource[]'.
  Type 'LooseArchiveFile' is not assignable to type 'LawsuitJurisdictionSource'.
    Type 'CaseFile & { claimType?: string; docType?: string; fileNumber?: string; caseNo?: string; caseNumber?: string; year?: string | number; fileYear?: string | number; creditor?: string; clientName?: string; ... 19 more ...; executionTrashDeletedAt?: string; }' is not assignable to type 'LawsuitJurisdictionSource'.
      Types of property 'court' are incompatible.
        Type 'CourtInfo | (CourtInfo & string)' is not assignable to type 'string'.
          Type 'CourtInfo' is not assignable to type 'string'.
src/app/components/lawyer/ArchivePortal.tsx(852,42): error TS2367: This comparison appears to be unintentional because the types '"civil" | "sharia" | "criminal" | "administrative" | "mutawaa"' and '"transaction"' have no overlap.
src/app/components/lawyer/ArchivePortal.tsx(974,45): error TS2367: This comparison appears to be unintentional because the types '"civil" | "sharia" | "criminal" | "administrative" | "mutawaa"' and '"transaction"' have no overlap.
src/app/components/lawyer/ArchivePortal.tsx(979,42): error TS2367: This comparison appears to be unintentional because the types '"civil" | "sharia" | "criminal" | "administrative" | "mutawaa"' and '"transaction"' have no overlap.
src/app/components/lawyer/ArchivePortal.tsx(987,55): error TS2367: This comparison appears to be unintentional because the types '"deleted" | "criminal" | "all" | "transaction"' and '"execution"' have no overlap.
src/app/components/lawyer/criminal-system/caseSeveranceView.test.ts(53,26): error TS2739: Type '{ id: string; fullName: string; address: string; birthYear: string; status: "┘à┘ê┘é┘ê┘ü"; }' is missing the following properties from type 'CriminalDefendant': detentionAuthority, detentionExpiryDate, detentionHistoryLog, totalDetentionDays
src/app/components/lawyer/criminal-system/caseSeveranceView.ts(1,45): error TS2305: Module '"@/app/types/criminal"' has no exported member 'TimelineEvent'.
src/app/components/lawyer/criminal-system/cassationEngine.test.ts(14,12): error TS2352: Conversion of type '{ id: string; createdAt: string; basics: { role: "┘ê┘â┘è┘ä ╪º┘ä┘à╪¬┘ç┘à"; ourRepresentation: "defendant_side"; stage: "┘à╪¡┘â┘à╪⌐ ╪º┘ä╪¼┘å╪¡"; legalArticle: string; crimeType: "╪¼┘å╪¡╪⌐"; }; location: { investigationCourtName: string; ... 6 more ...; caseNumber: string; }; ... 11 more ...; stageJourney: { ...; }[]; }' to type 'CriminalCase' may be a mistake because neither type sufficiently overlaps with the other. If this was intentional, convert the expression to 'unknown' first.
  Type '{ id: string; createdAt: string; basics: { role: "┘ê┘â┘è┘ä ╪º┘ä┘à╪¬┘ç┘à"; ourRepresentation: "defendant_side"; stage: "┘à╪¡┘â┘à╪⌐ ╪º┘ä╪¼┘å╪¡"; legalArticle: string; crimeType: "╪¼┘å╪¡╪⌐"; }; location: { investigationCourtName: string; ... 6 more ...; caseNumber: string; }; ... 11 more ...; stageJourney: { ...; }[]; }' is missing the following properties from type 'CriminalCaseDraft': proceduralContainers, trials, trialDepositions
src/app/components/lawyer/criminal-system/cassationEngine.test.ts(92,44): error TS2345: Argument of type '{ basics: { stage: string; role: CriminalLawyerRole | ""; ourRepresentation: OurRepresentation | ""; userRole?: CriminalCaseUserRole | ""; legalArticle: string; crimeType: CrimeType | ""; }; ... 54 more ...; trashBin?: CriminalTrashItem[]; }' is not assignable to parameter of type 'CriminalCase'.
  Type '{ basics: { stage: string; role: CriminalLawyerRole | ""; ourRepresentation: OurRepresentation | ""; userRole?: CriminalCaseUserRole | ""; legalArticle: string; crimeType: CrimeType | ""; }; ... 54 more ...; trashBin?: CriminalTrashItem[]; }' is not assignable to type 'CriminalCaseDraft'.
    The types of 'basics.stage' are incompatible between these types.
      Type 'string' is not assignable to type '"" | CriminalCaseStage'.
src/app/components/lawyer/criminal-system/cassationEngine.ts(506,9): error TS2353: Object literal may only specify known properties, and 'arrowLabel' does not exist in type '{ stage: CaseStage; label: string; transitionText: string; transitionKind: JourneyTransitionKind; startedAt?: string; id?: string; phaseOverlay?: JourneyPhaseOverlay; ... 5 more ...; isCassationFilterNode?: boolean; }'.
src/app/components/lawyer/criminal-system/components/modals/CriminalStatementModal.tsx(82,64): error TS2345: Argument of type 'PersonOption' is not assignable to parameter of type 'PartyLifeInput'.
  Type 'CriminalComplainant' has no properties in common with type 'PartyLifeInput'.
src/app/components/lawyer/criminal-system/components/modals/CriminalStatementModal.tsx(85,62): error TS2345: Argument of type 'PersonOption' is not assignable to parameter of type 'PartyLifeInput'.
  Type 'CriminalComplainant' has no properties in common with type 'PartyLifeInput'.
src/app/components/lawyer/criminal-system/components/modals/InvestigationDecisionModal.tsx(266,13): error TS2322: Type '"" | "private_right_waiver" | "closing" | "temporary_closing" | "expiration" | "temporary_release_insufficient_evidence"' is not assignable to type '"default_judgment_opposition" | "cassation_confirm" | "return_investigation_deficiency" | "misdemeanor_to_felony_jurisdiction" | "felony_to_misdemeanor_jurisdiction" | ... 23 more ... | "default_judgment_issue"'.
  Type '""' is not assignable to type '"default_judgment_opposition" | "cassation_confirm" | "return_investigation_deficiency" | "misdemeanor_to_felony_jurisdiction" | "felony_to_misdemeanor_jurisdiction" | ... 23 more ... | "default_judgment_issue"'.
src/app/components/lawyer/criminal-system/components/modals/ProceduralContainerFormModal.tsx(33,18): error TS2345: Argument of type 'string' is not assignable to parameter of type 'SetStateAction<"#E6C673">'.
src/app/components/lawyer/criminal-system/components/modals/ProceduralContainerFormModal.tsx(34,17): error TS2345: Argument of type 'string' is not assignable to parameter of type 'SetStateAction<"≡ƒ¢ñ∩╕Å">'.
src/app/components/lawyer/criminal-system/components/modals/ProceduralContainerFormModal.tsx(68,60): error TS2345: Argument of type '"ΓÜû∩╕Å" | "≡ƒôï" | "≡ƒ¢ñ∩╕Å" | "≡ƒôü" | "≡ƒô¿" | "≡ƒö¼" | "≡ƒÅ¢∩╕Å" | "≡ƒöÉ" | "≡ƒÆí"' is not assignable to parameter of type 'SetStateAction<"≡ƒ¢ñ∩╕Å">'.
  Type '"ΓÜû∩╕Å"' is not assignable to type 'SetStateAction<"≡ƒ¢ñ∩╕Å">'.
src/app/components/lawyer/criminal-system/components/modals/ProceduralContainerFormModal.tsx(85,61): error TS2345: Argument of type '"#E6C673" | "#38bdf8" | "#a78bfa" | "#34d399" | "#fb923c" | "#f472b6" | "#f87171" | "#94a3b8"' is not assignable to parameter of type 'SetStateAction<"#E6C673">'.
  Type '"#38bdf8"' is not assignable to type 'SetStateAction<"#E6C673">'.
src/app/components/lawyer/criminal-system/components/modals/ProceduralPathFormModal.tsx(27,18): error TS2345: Argument of type 'string' is not assignable to parameter of type 'SetStateAction<"#E6C673">'.
src/app/components/lawyer/criminal-system/components/modals/ProceduralPathFormModal.tsx(58,61): error TS2345: Argument of type '"#E6C673" | "#38bdf8" | "#a78bfa" | "#34d399" | "#fb923c" | "#f472b6" | "#f87171" | "#94a3b8"' is not assignable to parameter of type 'SetStateAction<"#E6C673">'.
  Type '"#38bdf8"' is not assignable to type 'SetStateAction<"#E6C673">'.
src/app/components/lawyer/criminal-system/components/modals/TrialDepositionModal.tsx(65,64): error TS2345: Argument of type 'PersonOption' is not assignable to parameter of type 'PartyLifeInput'.
  Type 'CriminalComplainant' has no properties in common with type 'PartyLifeInput'.
src/app/components/lawyer/criminal-system/components/modals/TrialDepositionModal.tsx(68,62): error TS2345: Argument of type 'PersonOption' is not assignable to parameter of type 'PartyLifeInput'.
  Type 'CriminalComplainant' has no properties in common with type 'PartyLifeInput'.
src/app/components/lawyer/criminal-system/components/ProceduralPathsCanvas.tsx(201,33): error TS2339: Property 'proceduralPaths' does not exist on type 'CriminalCase'.
src/app/components/lawyer/criminal-system/components/ProceduralPathsCanvas.tsx(201,54): error TS2339: Property 'proceduralPaths' does not exist on type 'CriminalCase'.
src/app/components/lawyer/criminal-system/components/ProceduralPathsCanvas.tsx(203,57): error TS2339: Property 'addProceduralPath' does not exist on type 'CriminalStoreState'.
src/app/components/lawyer/criminal-system/components/ProceduralPathsCanvas.tsx(204,60): error TS2339: Property 'updateProceduralPath' does not exist on type 'CriminalStoreState'.
src/app/components/lawyer/criminal-system/components/ProceduralPathsCanvas.tsx(205,60): error TS2339: Property 'deleteProceduralPath' does not exist on type 'CriminalStoreState'.
src/app/components/lawyer/criminal-system/components/ProceduralPathsCanvas.tsx(206,62): error TS2339: Property 'reorderProceduralPaths' does not exist on type 'CriminalStoreState'.
src/app/components/lawyer/criminal-system/components/ProceduralPathsCanvas.tsx(207,64): error TS2339: Property 'upsertProceduralPathStep' does not exist on type 'CriminalStoreState'.
src/app/components/lawyer/criminal-system/components/ProceduralPathsCanvas.tsx(208,64): error TS2551: Property 'deleteProceduralPathStep' does not exist on type 'CriminalStoreState'. Did you mean 'deleteProceduralSubItem'?
src/app/components/lawyer/criminal-system/criminalCaseGovernance.test.ts(10,12): error TS2352: Conversion of type '{ id: string; createdAt: string; basics: { role: "┘ê┘â┘è┘ä ╪º┘ä┘à╪¬┘ç┘à"; ourRepresentation: "defendant_side"; stage: "┘à╪¡┘â┘à╪⌐ ╪º┘ä╪¼┘å╪¡"; legalArticle: string; crimeType: "╪¼┘å╪¡╪⌐"; }; location: { investigationCourtName: string; ... 6 more ...; caseNumber: string; }; ... 9 more ...; legalArticleHistory: undefined[]; }' to type 'CriminalCase' may be a mistake because neither type sufficiently overlaps with the other. If this was intentional, convert the expression to 'unknown' first.
  Type '{ id: string; createdAt: string; basics: { role: "┘ê┘â┘è┘ä ╪º┘ä┘à╪¬┘ç┘à"; ourRepresentation: "defendant_side"; stage: "┘à╪¡┘â┘à╪⌐ ╪º┘ä╪¼┘å╪¡"; legalArticle: string; crimeType: "╪¼┘å╪¡╪⌐"; }; location: { investigationCourtName: string; ... 6 more ...; caseNumber: string; }; ... 9 more ...; legalArticleHistory: undefined[]; }' is missing the following properties from type 'CriminalCaseDraft': proceduralContainers, trials, trialDepositions
src/app/components/lawyer/criminal-system/CriminalDashboard.tsx(286,59): error TS2345: Argument of type 'CaseStage' is not assignable to parameter of type '"misdemeanor" | "felony"'.
  Type '"investigation"' is not assignable to type '"misdemeanor" | "felony"'.
src/app/components/lawyer/criminal-system/CriminalDashboard.tsx(1767,13): error TS2719: Type '"default_judgment_opposition" | "cassation_confirm" | "return_investigation_deficiency" | "misdemeanor_to_felony_jurisdiction" | "felony_to_misdemeanor_jurisdiction" | ... 23 more ... | "default_judgment_issue"' is not assignable to type '"default_judgment_opposition" | "cassation_confirm" | "return_investigation_deficiency" | "misdemeanor_to_felony_jurisdiction" | "felony_to_misdemeanor_jurisdiction" | ... 23 more ... | "default_judgment_issue"'. Two different types with this name exist, but they are unrelated.
  Type '"private_right_waiver"' is not assignable to type '"default_judgment_opposition" | "cassation_confirm" | "return_investigation_deficiency" | "misdemeanor_to_felony_jurisdiction" | "felony_to_misdemeanor_jurisdiction" | ... 23 more ... | "default_judgment_issue"'.
src/app/components/lawyer/criminal-system/criminalStageUtils.test.ts(86,50): error TS2339: Property 'at' does not exist on type 'readonly ["╪¬╪»┘ê┘è┘å ╪Ñ┘ü╪º╪»╪⌐ (┘à╪┤╪¬┘â┘è / ╪┤╪º┘ç╪»)", "╪¬╪»┘ê┘è┘å ╪ú┘é┘ê╪º┘ä ╪º┘ä┘à╪¬┘ç┘à", "╪Ñ╪╡╪»╪º╪▒ ╪ú┘à╪▒ (╪º╪│╪¬┘é╪»╪º┘à / ┘é╪¿╪╢ ┘ê╪¬╪¡╪▒┘è)", "┘é╪▒╪º╪▒ ╪¬┘ê┘é┘è┘ü ╪º┘ä┘à╪¬┘ç┘à", "╪╖┘ä╪¿ ╪Ñ╪«┘ä╪º╪í ╪│╪¿┘è┘ä ╪¿┘â┘ü╪º┘ä╪⌐ / ╪¿╪¬╪╣┘ç╪»", "┘à╪«╪º╪╖╪¿╪⌐ ┘à╪▒╪º╪¼╪╣ ╪▒╪│┘à┘è╪⌐", "┘ê╪▒┘ê╪» ╪¬┘é╪º╪▒┘è╪▒ ╪▒╪│┘à┘è╪⌐", "╪Ñ╪¼╪▒╪º╪í ┘à╪«╪╡╪╡ (╪Ñ╪»╪«╪º┘ä ┘è╪»┘ê┘è)"]'.
src/app/components/lawyer/criminal-system/criminalStore.test.ts(467,36): error TS2345: Argument of type '{ id: string; date: string; type: "investigation"; title: string; description: string; }' is not assignable to parameter of type 'TimelineEvent'.
  Property 'category' is missing in type '{ id: string; date: string; type: "investigation"; title: string; description: string; }' but required in type 'TimelineEvent'.
src/app/components/lawyer/criminal-system/criminalStore.test.ts(476,36): error TS2345: Argument of type '{ id: string; date: string; type: "investigation"; title: string; description: string; nextDate: string; }' is not assignable to parameter of type 'TimelineEvent'.
  Property 'category' is missing in type '{ id: string; date: string; type: "investigation"; title: string; description: string; nextDate: string; }' but required in type 'TimelineEvent'.
src/app/components/lawyer/criminal-system/criminalStore.ts(1477,13): error TS2353: Object literal may only specify known properties, and 'id' does not exist in type '{ proceduralNodeId?: string; }'.
src/app/components/lawyer/criminal-system/criminalStore.ts(1492,26): error TS2322: Type 'TimelineEvent | { proceduralNodeId?: string; }' is not assignable to type 'TimelineEvent'.
  Type '{ proceduralNodeId?: string; }' is missing the following properties from type 'TimelineEvent': id, date, type, category, and 2 more.
src/app/components/lawyer/criminal-system/criminalStore.ts(1492,106): error TS2740: Type '{ proceduralNodeId?: string; }' is missing the following properties from type 'TimelineEvent': id, date, type, category, and 2 more.
src/app/components/lawyer/criminal-system/criminalStore.ts(1502,13): error TS2353: Object literal may only specify known properties, and 'id' does not exist in type '{ proceduralNodeId?: string; }'.
src/app/components/lawyer/criminal-system/criminalStore.ts(1518,26): error TS2322: Type 'TimelineEvent | { proceduralNodeId?: string; }' is not assignable to type 'TimelineEvent'.
  Type '{ proceduralNodeId?: string; }' is missing the following properties from type 'TimelineEvent': id, date, type, category, and 2 more.
src/app/components/lawyer/criminal-system/criminalStore.ts(1518,106): error TS2740: Type '{ proceduralNodeId?: string; }' is missing the following properties from type 'TimelineEvent': id, date, type, category, and 2 more.
src/app/components/lawyer/criminal-system/criminalStore.ts(1540,13): error TS2353: Object literal may only specify known properties, and 'id' does not exist in type '{ proceduralNodeId?: string; }'.
src/app/components/lawyer/criminal-system/criminalStore.ts(1563,26): error TS2322: Type 'TimelineEvent | { proceduralNodeId?: string; }' is not assignable to type 'TimelineEvent'.
  Type '{ proceduralNodeId?: string; }' is missing the following properties from type 'TimelineEvent': id, date, type, category, and 2 more.
src/app/components/lawyer/criminal-system/criminalStore.ts(1563,106): error TS2740: Type '{ proceduralNodeId?: string; }' is missing the following properties from type 'TimelineEvent': id, date, type, category, and 2 more.
src/app/components/lawyer/criminal-system/criminalStore.ts(1615,13): error TS2353: Object literal may only specify known properties, and 'id' does not exist in type '{ proceduralNodeId?: string; }'.
src/app/components/lawyer/criminal-system/criminalStore.ts(1627,13): error TS2353: Object literal may only specify known properties, and 'id' does not exist in type '{ proceduralNodeId?: string; }'.
src/app/components/lawyer/criminal-system/criminalStore.ts(1652,13): error TS2322: Type 'TimelineEvent | { proceduralNodeId?: string; }' is not assignable to type 'TimelineEvent'.
  Type '{ proceduralNodeId?: string; }' is missing the following properties from type 'TimelineEvent': id, date, type, category, and 2 more.
src/app/components/lawyer/criminal-system/criminalStore.ts(1653,13): error TS2740: Type '{ proceduralNodeId?: string; }' is missing the following properties from type 'TimelineEvent': id, date, type, category, and 2 more.
src/app/components/lawyer/criminal-system/criminalStore.ts(1654,13): error TS2740: Type '{ proceduralNodeId?: string; }' is missing the following properties from type 'TimelineEvent': id, date, type, category, and 2 more.
src/app/components/lawyer/criminal-system/criminalStore.ts(1715,5): error TS2322: Type '{ id: string; createdAt: string; dossierStatus: "active"; parentCaseId: string; isSeveredChild: true; severanceReason: SeveranceReason; severedAt: string; caseStage: "investigation"; ... 25 more ...; isMutualComplaint: boolean; }' is not assignable to type 'CriminalCase'.
  Property 'legalArticleHistory' is missing in type '{ id: string; createdAt: string; dossierStatus: "active"; parentCaseId: string; isSeveredChild: true; severanceReason: SeveranceReason; severedAt: string; caseStage: "investigation"; ... 25 more ...; isMutualComplaint: boolean; }' but required in type '{ id: string; createdAt: string; isFrozen?: boolean; isPrejudicialPostponed?: boolean; isDefaultJudgmentArchived?: boolean; verdictDate?: string; isSentToCassation?: boolean; cassationCaseDetails?: { ...; }; ... 24 more ...; trashBin?: CriminalTrashItem[]; }'.
src/app/components/lawyer/criminal-system/criminalStore.ts(1845,17): error TS2353: Object literal may only specify known properties, and 'id' does not exist in type '{ proceduralNodeId?: string; }'.
src/app/components/lawyer/criminal-system/criminalStore.ts(1857,17): error TS2353: Object literal may only specify known properties, and 'id' does not exist in type '{ proceduralNodeId?: string; }'.
src/app/components/lawyer/criminal-system/criminalStore.ts(1873,17): error TS2322: Type 'TimelineEvent | { proceduralNodeId?: string; }' is not assignable to type 'TimelineEvent'.
  Type '{ proceduralNodeId?: string; }' is missing the following properties from type 'TimelineEvent': id, date, type, category, and 2 more.
src/app/components/lawyer/criminal-system/criminalStore.ts(1874,17): error TS2740: Type '{ proceduralNodeId?: string; }' is missing the following properties from type 'TimelineEvent': id, date, type, category, and 2 more.
src/app/components/lawyer/criminal-system/criminalStore.ts(1875,17): error TS2740: Type '{ proceduralNodeId?: string; }' is missing the following properties from type 'TimelineEvent': id, date, type, category, and 2 more.
src/app/components/lawyer/criminal-system/criminalStore.ts(1892,11): error TS2740: Type '{ proceduralNodeId?: string; }' is missing the following properties from type 'TimelineEvent': id, date, type, category, and 2 more.
src/app/components/lawyer/criminal-system/criminalStore.ts(1894,13): error TS2353: Object literal may only specify known properties, and 'id' does not exist in type '{ proceduralNodeId?: string; }'.
src/app/components/lawyer/criminal-system/criminalStore.ts(1921,9): error TS2322: Type 'CriminalCase' is not assignable to type '{ investigationCaseNumber: string; isInvestigationLocked: boolean; finalDecision: StageConclusion; timelineEvents: TimelineEvent[]; basics: { role: CriminalLawyerRole | ""; ourRepresentation: OurRepresentation | ""; userRole?: CriminalCaseUserRole | ""; stage: CriminalCaseStage | ""; legalArticle: string; crimeType:...'.
  Property 'investigationCaseNumber' is optional in type 'CriminalCase' but required in type '{ investigationCaseNumber: string; isInvestigationLocked: boolean; finalDecision: StageConclusion; timelineEvents: TimelineEvent[]; basics: { role: "" | CriminalLawyerRole; ... 4 more ...; crimeType: "" | CrimeType; }; ... 50 more ...; trashBin?: CriminalTrashItem[]; }'.
src/app/components/lawyer/criminal-system/criminalStore.ts(2005,17): error TS2353: Object literal may only specify known properties, and 'id' does not exist in type '{ proceduralNodeId?: string; }'.
src/app/components/lawyer/criminal-system/criminalStore.ts(2060,17): error TS2322: Type 'TimelineEvent | { proceduralNodeId?: string; }' is not assignable to type 'TimelineEvent'.
  Type '{ proceduralNodeId?: string; }' is missing the following properties from type 'TimelineEvent': id, date, type, category, and 2 more.
src/app/components/lawyer/criminal-system/criminalStore.ts(2061,17): error TS2740: Type '{ proceduralNodeId?: string; }' is missing the following properties from type 'TimelineEvent': id, date, type, category, and 2 more.
src/app/components/lawyer/criminal-system/criminalStore.ts(2062,17): error TS2740: Type '{ proceduralNodeId?: string; }' is missing the following properties from type 'TimelineEvent': id, date, type, category, and 2 more.
src/app/components/lawyer/criminal-system/criminalStore.ts(2097,13): error TS2322: Type 'TimelineEvent | { proceduralNodeId?: string; }' is not assignable to type 'TimelineEvent'.
  Type '{ proceduralNodeId?: string; }' is missing the following properties from type 'TimelineEvent': id, date, type, category, and 2 more.
src/app/components/lawyer/criminal-system/criminalStore.ts(2098,13): error TS2740: Type '{ proceduralNodeId?: string; }' is missing the following properties from type 'TimelineEvent': id, date, type, category, and 2 more.
src/app/components/lawyer/criminal-system/criminalStore.ts(2244,13): error TS2353: Object literal may only specify known properties, and 'id' does not exist in type '{ proceduralNodeId?: string; }'.
src/app/components/lawyer/criminal-system/criminalStore.ts(2255,26): error TS2322: Type 'TimelineEvent | { proceduralNodeId?: string; }' is not assignable to type 'TimelineEvent'.
  Type '{ proceduralNodeId?: string; }' is missing the following properties from type 'TimelineEvent': id, date, type, category, and 2 more.
src/app/components/lawyer/criminal-system/criminalStore.ts(2255,98): error TS2740: Type '{ proceduralNodeId?: string; }' is missing the following properties from type 'TimelineEvent': id, date, type, category, and 2 more.
src/app/components/lawyer/criminal-system/criminalStore.ts(3758,25): error TS2322: Type '(LawyerRequest | { status: string; judgeMargin: any; decisionDate: any; isLocked: boolean; decisionArchived: any; id: string; requestDate: string; type: string; lawyerNote: string; ... 11 more ...; referredCourtName?: string; })[]' is not assignable to type 'LawyerRequest[]'.
  Type 'LawyerRequest | { status: string; judgeMargin: any; decisionDate: any; isLocked: boolean; decisionArchived: any; id: string; requestDate: string; type: string; lawyerNote: string; ... 11 more ...; referredCourtName?: string; }' is not assignable to type 'LawyerRequest'.
    Type '{ status: string; judgeMargin: any; decisionDate: any; isLocked: boolean; decisionArchived: any; id: string; requestDate: string; type: string; lawyerNote: string; defendantIds?: string[]; ... 10 more ...; referredCourtName?: string; }' is not assignable to type 'LawyerRequest'.
      Types of property 'status' are incompatible.
        Type 'string' is not assignable to type '"pending" | "rejected" | "executed" | "approved"'.
src/app/components/lawyer/criminal-system/criminalStore.ts(3760,71): error TS2345: Argument of type 'LawyerRequest | { status: string; judgeMargin: any; decisionDate: any; isLocked: boolean; decisionArchived: any; id: string; requestDate: string; type: string; lawyerNote: string; ... 11 more ...; referredCourtName?: string; }' is not assignable to parameter of type 'LawyerRequest'.
  Type '{ status: string; judgeMargin: any; decisionDate: any; isLocked: boolean; decisionArchived: any; id: string; requestDate: string; type: string; lawyerNote: string; defendantIds?: string[]; ... 10 more ...; referredCourtName?: string; }' is not assignable to type 'LawyerRequest'.
    Types of property 'status' are incompatible.
      Type 'string' is not assignable to type '"pending" | "rejected" | "executed" | "approved"'.
src/app/components/lawyer/criminal-system/criminalStore.ts(5259,27): error TS2740: Type '{ proceduralNodeId?: string; }' is missing the following properties from type 'TimelineEvent': id, date, type, category, and 2 more.
src/app/components/lawyer/criminal-system/criminalStore.ts(5261,29): error TS2353: Object literal may only specify known properties, and 'id' does not exist in type '{ proceduralNodeId?: string; }'.
src/app/components/lawyer/criminal-system/criminalStore.ts(5299,21): error TS2345: Argument of type '(state: CriminalStoreState) => CriminalStoreState | { casesById: { [x: string]: CriminalCase | { defendants: CriminalDefendant[]; ... 54 more ...; trashBin?: CriminalTrashItem[]; }; }; }' is not assignable to parameter of type 'CriminalStoreState | Partial<CriminalStoreState> | ((state: CriminalStoreState) => CriminalStoreState | Partial<...>)'.
  Type '(state: CriminalStoreState) => CriminalStoreState | { casesById: { [x: string]: CriminalCase | { defendants: CriminalDefendant[]; ... 54 more ...; trashBin?: CriminalTrashItem[]; }; }; }' is not assignable to type '(state: CriminalStoreState) => CriminalStoreState | Partial<CriminalStoreState>'.
    Type 'CriminalStoreState | { casesById: { [x: string]: CriminalCase | { defendants: CriminalDefendant[]; severedChildCaseIds: string[]; ... 53 more ...; trashBin?: CriminalTrashItem[]; }; }; }' is not assignable to type 'CriminalStoreState | Partial<CriminalStoreState>'.
      Type '{ casesById: { [x: string]: CriminalCase | { defendants: CriminalDefendant[]; severedChildCaseIds: string[]; timelineEvents: { proceduralNodeId?: string; }[]; basics: { role: CriminalLawyerRole | ""; ourRepresentation: OurRepresentation | ""; userRole?: CriminalCaseUserRole | ""; stage: CriminalCaseStage | ""; legal...' is not assignable to type 'CriminalStoreState | Partial<CriminalStoreState>'.
        Type '{ casesById: { [x: string]: CriminalCase | { defendants: CriminalDefendant[]; severedChildCaseIds: string[]; timelineEvents: { proceduralNodeId?: string; }[]; basics: { role: CriminalLawyerRole | ""; ourRepresentation: OurRepresentation | ""; userRole?: CriminalCaseUserRole | ""; stage: CriminalCaseStage | ""; legal...' is not assignable to type 'Partial<CriminalStoreState>'.
          Types of property 'casesById' are incompatible.
            Type '{ [x: string]: CriminalCase | { defendants: CriminalDefendant[]; severedChildCaseIds: string[]; timelineEvents: { proceduralNodeId?: string; }[]; basics: { role: CriminalLawyerRole | ""; ourRepresentation: OurRepresentation | ""; userRole?: CriminalCaseUserRole | ""; stage: CriminalCaseStage | ""; legalArticle: stri...' is not assignable to type 'Record<string, CriminalCase>'.
              'string' index signatures are incompatible.
                Type 'CriminalCase | { defendants: CriminalDefendant[]; severedChildCaseIds: string[]; timelineEvents: { proceduralNodeId?: string; }[]; basics: { role: "" | CriminalLawyerRole; ... 4 more ...; crimeType: "" | CrimeType; }; ... 51 more ...; trashBin?: CriminalTrashItem[]; }' is not assignable to type 'CriminalCase'.
                  Type '{ defendants: CriminalDefendant[]; severedChildCaseIds: string[]; timelineEvents: { proceduralNodeId?: string; }[]; basics: { role: CriminalLawyerRole | ""; ourRepresentation: OurRepresentation | ""; userRole?: CriminalCaseUserRole | ""; stage: CriminalCaseStage | ""; legalArticle: string; crimeType: CrimeType | "";...' is not assignable to type 'CriminalCase'.
                    Type '{ defendants: CriminalDefendant[]; severedChildCaseIds: string[]; timelineEvents: { proceduralNodeId?: string; }[]; basics: { role: CriminalLawyerRole | ""; ourRepresentation: OurRepresentation | ""; userRole?: CriminalCaseUserRole | ""; stage: CriminalCaseStage | ""; legalArticle: string; crimeType: CrimeType | "";...' is not assignable to type 'CriminalCaseDraft'.
                      Types of property 'timelineEvents' are incompatible.
                        Type '{ proceduralNodeId?: string; }[]' is not assignable to type 'TimelineEvent[]'.
                          Type '{ proceduralNodeId?: string; }' is missing the following properties from type 'TimelineEvent': id, date, type, category, and 2 more.
src/app/components/lawyer/criminal-system/criminalStore.ts(5322,29): error TS2353: Object literal may only specify known properties, and 'id' does not exist in type '{ proceduralNodeId?: string; }'.
src/app/components/lawyer/criminal-system/criminalStore.ts(6018,33): error TS2353: Object literal may only specify known properties, and 'id' does not exist in type '{ proceduralNodeId?: string; }'.
src/app/components/lawyer/criminal-system/criminalStore.ts(6032,33): error TS2322: Type 'TimelineEvent | { proceduralNodeId?: string; }' is not assignable to type 'TimelineEvent'.
  Type '{ proceduralNodeId?: string; }' is missing the following properties from type 'TimelineEvent': id, date, type, category, and 2 more.
src/app/components/lawyer/criminal-system/criminalStore.ts(6033,33): error TS2740: Type '{ proceduralNodeId?: string; }' is missing the following properties from type 'TimelineEvent': id, date, type, category, and 2 more.
src/app/components/lawyer/criminal-system/journeyOrderApplyEngine.test.ts(56,17): error TS2739: Type '{ stage: "┘à╪¡┘â┘à╪⌐ ╪º┘ä╪¼┘å╪¡"; crimeType: "╪¼┘å╪¡╪⌐"; legalArticle: string; }' is missing the following properties from type '{ role: "" | CriminalLawyerRole; ourRepresentation: "" | OurRepresentation; userRole?: CriminalCaseUserRole; stage: "" | CriminalCaseStage; legalArticle: string; crimeType: "" | CrimeType; }': role, ourRepresentation
src/app/components/lawyer/criminal-system/judicialDecisionsEngine.test.ts(211,18): error TS2304: Cannot find name 'JudicialDecision'.
src/app/components/lawyer/criminal-system/judicialDecisionsEngine.test.ts(226,18): error TS2304: Cannot find name 'JudicialDecision'.
src/app/components/lawyer/criminal-system/judicialDecisionsEngine.ts(249,29): error TS2339: Property 'requestType' does not exist on type 'JudicialDecision'.
src/app/components/lawyer/criminal-system/judicialDecisionsEngine.ts(418,11): error TS2322: Type '{ id: string; appellantType: string; appellantIds: string[]; targetDefendantIds: string[]; cassationStatus: string; result: string; beneficiaryIds: string[]; filedAt: string; isObjectiveGrounds269b: boolean; ... 4 more ...; cassationDirectives: string; }[]' is not assignable to type 'JudicialDecisionAppeal[]'.
  Type '{ id: string; appellantType: string; appellantIds: string[]; targetDefendantIds: string[]; cassationStatus: string; result: CassationAppealResult | string | undefined; beneficiaryIds: string[]; ... 6 more ...; cassationDirectives: string; }' is not assignable to type 'JudicialDecisionAppeal'.
    Types of property 'appellantType' are incompatible.
      Type 'string' is not assignable to type 'JudicialAppellantType'.
src/app/components/lawyer/criminal-system/judicialDecisionsEngine.ts(464,27): error TS2677: A type predicate's type must be assignable to its parameter's type.
  Type 'JudicialDecisionAppeal' is not assignable to type '{ id: string; appellantType: string; appellantIds: string[]; targetDefendantIds: string[]; cassationStatus: string; result: CassationAppealResult | string | undefined; beneficiaryIds: string[]; ... 6 more ...; cassationDirectives: string; }'.
    Property 'targetDefendantIds' is optional in type 'JudicialDecisionAppeal' but required in type '{ id: string; appellantType: string; appellantIds: string[]; targetDefendantIds: string[]; cassationStatus: string; result: string; beneficiaryIds: string[]; filedAt: string; isObjectiveGrounds269b: boolean; ... 4 more ...; cassationDirectives: string; }'.
src/app/components/lawyer/criminal-system/partyContextFilter.ts(28,41): error TS2559: Type 'CriminalComplainant' has no properties in common with type 'PartyLifeInput'.
src/app/components/lawyer/criminal-system/proceduralCassationResults.test.ts(12,12): error TS2352: Conversion of type '{ id: string; caseNumber: string; title: string; stage: string; crimeType: string; defendants: CriminalDefendant[]; complainants: undefined[]; timelineEvents: undefined[]; }' to type 'CriminalCase' may be a mistake because neither type sufficiently overlaps with the other. If this was intentional, convert the expression to 'unknown' first.
  Type '{ id: string; caseNumber: string; title: string; stage: string; crimeType: string; defendants: CriminalDefendant[]; complainants: undefined[]; timelineEvents: undefined[]; }' is missing the following properties from type 'CriminalCaseDraft': basics, location, unknownDefendant, statements, and 7 more.
src/app/components/lawyer/criminal-system/proceduralCassationResults.ts(63,53): error TS2339: Property 'requestOutcomeStatus' does not exist on type 'Pick<JudicialDecision, "title" | "proceduralTemplate">'.
src/app/components/lawyer/criminal-system/proceduralContainersEngine.ts(806,35): error TS2339: Property 'container' does not exist on type 'ProceduralSubItem'.
  Property 'container' does not exist on type 'ProceduralNoteItem'.
src/app/components/lawyer/criminal-system/trialReferralOrdersEngine.ts(74,9): error TS2367: This comparison appears to be unintentional because the types '"refer_misdemeanor" | "refer_felony"' and '"return_investigation_deficiency"' have no overlap.
src/app/components/lawyer/criminal-system/trialReferralOrdersEngine.ts(164,5): error TS2322: Type 'LawyerRequest | { id: string; requestDate: string; type: "return_investigation_deficiency" | "misdemeanor_to_felony_jurisdiction" | "felony_to_misdemeanor_jurisdiction"; status: "executed"; }' is not assignable to type 'LawyerRequest'.
  Property 'lawyerNote' is missing in type '{ id: string; requestDate: string; type: "return_investigation_deficiency" | "misdemeanor_to_felony_jurisdiction" | "felony_to_misdemeanor_jurisdiction"; status: "executed"; }' but required in type 'LawyerRequest'.
src/app/components/lawyer/criminal-system/verdictCardsEngine.ts(185,19): error TS2741: Property 'defendantStatusAtDecision' is missing in type '{ id: string; stageType: "investigation" | "cassation" | "misdemeanor" | "felony" | "juvenile"; decisionType: TrialVerdictOutcome; date: string; details: string; }' but required in type 'StageConclusion'.
src/app/components/lawyer/Dashboard_Active_Order_File/__tests__/ActiveOrderFileRoot.render.test.tsx(35,5): error TS2322: Type 'string' is not assignable to type 'Date'.
src/app/components/lawyer/DeferredActiveOrderFile.tsx(18,5): error TS2322: Type 'Promise<{ default: LazyComponent; }>' is not assignable to type 'Promise<{ default: ComponentType<ActiveOrderFileProps>; }>'.
  Type '{ default: LazyComponent; }' is not assignable to type '{ default: ComponentType<ActiveOrderFileProps>; }'.
    Types of property 'default' are incompatible.
      Type 'LazyComponent' is not assignable to type 'ComponentType<ActiveOrderFileProps>'.
        Type 'ComponentClass<Record<string, unknown>, any>' is not assignable to type 'ComponentType<ActiveOrderFileProps>'.
          Type 'ComponentClass<Record<string, unknown>, any>' is not assignable to type 'ComponentClass<ActiveOrderFileProps, any>'.
            Construct signature return types 'Component<Record<string, unknown>, any, any>' and 'Component<ActiveOrderFileProps, any, any>' are incompatible.
              The types of 'props' are incompatible between these types.
                Type 'Readonly<Record<string, unknown>>' is missing the following properties from type 'Readonly<ActiveOrderFileProps>': fileData, onClose
src/app/components/lawyer/Form_Urgent_Actions/constants.ts(30,12): error TS2304: Cannot find name 'isIqrarRequest'.
src/app/components/lawyer/Form_Urgent_Actions/constants.ts(51,9): error TS2304: Cannot find name 'isIqrarRequest'.
src/app/components/lawyer/GlobalSearchOverlay.tsx(141,43): error TS2304: Cannot find name 'relatedLinkCount'.
src/app/components/lawyer/LawyerDashboard.tsx(553,35): error TS2345: Argument of type 'unknown[]' is not assignable to parameter of type 'SetStateAction<ExecutionFile[]>'.
  Type 'unknown[]' is not assignable to type 'ExecutionFile[]'.
    Type 'unknown' is not assignable to type 'ExecutionFile'.
      Type '{}' is missing the following properties from type 'FileData': id, type, status, caseNo, and 6 more.
src/app/hooks/useAppAlerts.ts(7,10): error TS2300: Duplicate identifier 'CALENDAR_UPDATED_EVENT'.
src/app/hooks/useAppAlerts.ts(12,10): error TS2300: Duplicate identifier 'CALENDAR_UPDATED_EVENT'.
src/app/services/__tests__/alertNavigation.test.ts(78,17): error TS2353: Object literal may only specify known properties, and 'createdAt' does not exist in type 'LegalTask'.
src/app/services/__tests__/calendarAuthenticity.test.ts(21,9): error TS2353: Object literal may only specify known properties, and 'createdAt' does not exist in type 'LegalTask'.
src/app/services/__tests__/threadingAlerts.test.ts(31,71): error TS2345: Argument of type '{ transactions: { id: string; title: string; clientName: string; targetDepartment: string; status: string; agreedFees: number; createdAt: string; updatedAt: string; }[]; tasks: undefined[]; financeRecords: undefined[]; documents: undefined[]; }' is not assignable to parameter of type 'TransactionsThreadingState'.
  Type '{ transactions: { id: string; title: string; clientName: string; targetDepartment: string; status: string; agreedFees: number; createdAt: string; updatedAt: string; }[]; tasks: undefined[]; financeRecords: undefined[]; documents: undefined[]; }' is missing the following properties from type 'TransactionsThreadingState': schemaVersion, userId, updatedAt
src/app/services/__tests__/unifiedAlerts.test.ts(338,59): error TS2345: Argument of type '{ lawsuitAppointments: number; lawsuitTasks: number; lawsuitDeadlines: number; executionAppointments: number; executionTasks: number; urgentHearings: number; transactionSteps: number; ... 7 more ...; purgedInactive: number; }' is not assignable to parameter of type 'DossierSyncStats'.
  Property 'discoveredDates' is missing in type '{ lawsuitAppointments: number; lawsuitTasks: number; lawsuitDeadlines: number; executionAppointments: number; executionTasks: number; urgentHearings: number; transactionSteps: number; ... 7 more ...; purgedInactive: number; }' but required in type 'DossierSyncStats'.
src/app/services/alertDossierRegistry.ts(99,61): error TS2339: Property 'caseNumber' does not exist on type 'UrgentCase'.
src/app/services/alertFutureActions.ts(33,34): error TS2345: Argument of type '{ type: SecretaryAlertType; target: SecretaryAlertTarget; calendarSource?: CalendarAlertSource; }' is not assignable to parameter of type 'Pick<SecretaryAlert, "id" | "fieldTaskInjected" | "calendarSource">'.
  Property 'id' is missing in type '{ type: SecretaryAlertType; target: SecretaryAlertTarget; calendarSource?: CalendarAlertSource; }' but required in type 'Pick<SecretaryAlert, "id" | "fieldTaskInjected" | "calendarSource">'.
src/app/services/alertFutureActions.ts(36,26): error TS2345: Argument of type '{ type: SecretaryAlertType; target: SecretaryAlertTarget; calendarSource?: CalendarAlertSource; }' is not assignable to parameter of type 'SecretaryAlert'.
  Type '{ type: SecretaryAlertType; target: SecretaryAlertTarget; calendarSource?: CalendarAlertSource; }' is missing the following properties from type 'SecretaryAlert': id, title, summary, aiDeepDive, priority
src/app/services/calendarDossierSync.ts(228,13): error TS2322: Type 'unknown' is not assignable to type 'string | number'.
src/app/services/calendarDossierSync.ts(574,19): error TS2304: Cannot find name 'CalendarSourceModule'.
src/app/services/calendarDossierSync.ts(607,36): error TS2304: Cannot find name 'CalendarSourceModule'.
src/app/services/calendarDossierSync.ts(624,19): error TS2304: Cannot find name 'CalendarSourceModule'.
src/app/services/calendarDossierSync.ts(1267,46): error TS2345: Argument of type 'unknown[]' is not assignable to parameter of type 'Record<string, unknown>[]'.
  Type 'unknown' is not assignable to type 'Record<string, unknown>'.
    Index signature for type 'string' is missing in type '{}'.
src/app/services/calendarDossierSync.ts(1268,48): error TS2345: Argument of type 'unknown[]' is not assignable to parameter of type 'Record<string, unknown>[]'.
  Type 'unknown' is not assignable to type 'Record<string, unknown>'.
    Index signature for type 'string' is missing in type '{}'.
src/app/utils/criminalCasesStorage.ts(36,5): error TS2322: Type 'unknown[]' is not assignable to type 'Record<string, unknown>[]'.
  Type 'unknown' is not assignable to type 'Record<string, unknown>'.
    Index signature for type 'string' is missing in type '{}'.
src/app/workspace/buildPinFromSearchEntry.ts(64,90): error TS2339: Property 'lawsuitFiles' does not exist on type 'WorkspacePinLookupContext'.
src/app/workspace/buildPinFromSearchEntry.ts(68,71): error TS2339: Property 'lawsuitFiles' does not exist on type 'WorkspacePinLookupContext'.
src/app/workspace/clusterMatchRules.ts(30,55): error TS2556: A spread argument must either have a tuple type or be passed to a rest parameter.
